[      28ms] [LOG] [Fast Refresh] done in 5ms @ http://localhost:3001/_next/static/chunks/node_modules_next_dist_1bjkg68unqmjx._.js:719
[      61ms] [LOG] [Fast Refresh] done in 5ms @ http://localhost:3001/_next/static/chunks/node_modules_next_dist_1bjkg68unqmjx._.js:719
[     164ms] [INFO] %cDownload the React DevTools for a better development experience: https://react.dev/link/react-devtools font-weight:bold @ http://localhost:3001/_next/static/chunks/node_modules_next_dist_1bjkg68unqmjx._.js:719
[     172ms] [LOG] [HMR] connected @ http://localhost:3001/_next/static/chunks/node_modules_next_dist_1bjkg68unqmjx._.js:719
[  602837ms] [LOG] [Fast Refresh] rebuilding @ http://localhost:3001/_next/static/chunks/node_modules_next_dist_1bjkg68unqmjx._.js:719
[  602866ms] [LOG] [Fast Refresh] done in 3ms @ http://localhost:3001/_next/static/chunks/node_modules_next_dist_1bjkg68unqmjx._.js:719
[  618096ms] [LOG] [Fast Refresh] rebuilding @ http://localhost:3001/_next/static/chunks/node_modules_next_dist_1bjkg68unqmjx._.js:719
[  618126ms] [LOG] [Fast Refresh] done in 3ms @ http://localhost:3001/_next/static/chunks/node_modules_next_dist_1bjkg68unqmjx._.js:719
[  621296ms] [LOG] [Fast Refresh] done in 3ms @ http://localhost:3001/_next/static/chunks/node_modules_next_dist_1bjkg68unqmjx._.js:719
[  621519ms] [LOG] [Fast Refresh] done in 3ms @ http://localhost:3001/_next/static/chunks/node_modules_next_dist_1bjkg68unqmjx._.js:719
[  621637ms] [LOG] [Fast Refresh] done in 3ms @ http://localhost:3001/_next/static/chunks/node_modules_next_dist_1bjkg68unqmjx._.js:719
[  627162ms] [LOG] [Fast Refresh] rebuilding @ http://localhost:3001/_next/static/chunks/node_modules_next_dist_1bjkg68unqmjx._.js:719
[  627191ms] [LOG] [Fast Refresh] done in 3ms @ http://localhost:3001/_next/static/chunks/node_modules_next_dist_1bjkg68unqmjx._.js:719
[  632381ms] [LOG] [Fast Refresh] rebuilding @ http://localhost:3001/_next/static/chunks/node_modules_next_dist_1bjkg68unqmjx._.js:719
[  632409ms] [LOG] [Fast Refresh] done in 2ms @ http://localhost:3001/_next/static/chunks/node_modules_next_dist_1bjkg68unqmjx._.js:719
[  634314ms] [LOG] [Fast Refresh] done in 2ms @ http://localhost:3001/_next/static/chunks/node_modules_next_dist_1bjkg68unqmjx._.js:719
[  634435ms] [LOG] [Fast Refresh] done in 2ms @ http://localhost:3001/_next/static/chunks/node_modules_next_dist_1bjkg68unqmjx._.js:719
[  651772ms] [LOG] [Fast Refresh] done in 2ms @ http://localhost:3001/_next/static/chunks/node_modules_next_dist_1bjkg68unqmjx._.js:719
[  651867ms] [LOG] [Fast Refresh] done in 2ms @ http://localhost:3001/_next/static/chunks/node_modules_next_dist_1bjkg68unqmjx._.js:719
[  706256ms] [LOG] [Fast Refresh] done in 2ms @ http://localhost:3001/_next/static/chunks/node_modules_next_dist_1bjkg68unqmjx._.js:719
[  721485ms] [LOG] [Fast Refresh] done in 2ms @ http://localhost:3001/_next/static/chunks/node_modules_next_dist_1bjkg68unqmjx._.js:719
[  734113ms] [LOG] [Fast Refresh] done in 2ms @ http://localhost:3001/_next/static/chunks/node_modules_next_dist_1bjkg68unqmjx._.js:719
[  928525ms] [LOG] [Fast Refresh] done in 2ms @ http://localhost:3001/_next/static/chunks/node_modules_next_dist_1bjkg68unqmjx._.js:719
[  937664ms] [LOG] [Fast Refresh] done in 2ms @ http://localhost:3001/_next/static/chunks/node_modules_next_dist_1bjkg68unqmjx._.js:719
[  943843ms] [LOG] [Fast Refresh] done in 2ms @ http://localhost:3001/_next/static/chunks/node_modules_next_dist_1bjkg68unqmjx._.js:719
[  948643ms] [LOG] [Fast Refresh] done in 2ms @ http://localhost:3001/_next/static/chunks/node_modules_next_dist_1bjkg68unqmjx._.js:719
[  955710ms] [LOG] [Fast Refresh] done in 2ms @ http://localhost:3001/_next/static/chunks/node_modules_next_dist_1bjkg68unqmjx._.js:719
[ 1249370ms] [LOG] [Fast Refresh] done in 2ms @ http://localhost:3001/_next/static/chunks/node_modules_next_dist_1bjkg68unqmjx._.js:719
[ 1253909ms] [LOG] [Fast Refresh] done in 2ms @ http://localhost:3001/_next/static/chunks/node_modules_next_dist_1bjkg68unqmjx._.js:719
[ 1274021ms] [LOG] [Fast Refresh] rebuilding @ http://localhost:3001/_next/static/chunks/node_modules_next_dist_1bjkg68unqmjx._.js:719
[ 1274051ms] [LOG] [Fast Refresh] done in 2ms @ http://localhost:3001/_next/static/chunks/node_modules_next_dist_1bjkg68unqmjx._.js:719
[ 1277540ms] [LOG] [Fast Refresh] rebuilding @ http://localhost:3001/_next/static/chunks/node_modules_next_dist_1bjkg68unqmjx._.js:719
[ 1277568ms] [LOG] [Fast Refresh] done in 3ms @ http://localhost:3001/_next/static/chunks/node_modules_next_dist_1bjkg68unqmjx._.js:719
[ 1280509ms] [LOG] [Fast Refresh] rebuilding @ http://localhost:3001/_next/static/chunks/node_modules_next_dist_1bjkg68unqmjx._.js:719
[ 1280540ms] [LOG] [Fast Refresh] done in 1ms @ http://localhost:3001/_next/static/chunks/node_modules_next_dist_1bjkg68unqmjx._.js:719
[ 1288897ms] [LOG] [Fast Refresh] rebuilding @ http://localhost:3001/_next/static/chunks/node_modules_next_dist_1bjkg68unqmjx._.js:719
[ 1288925ms] [LOG] [Fast Refresh] done in 2ms @ http://localhost:3001/_next/static/chunks/node_modules_next_dist_1bjkg68unqmjx._.js:719
[ 1312530ms] [LOG] [Fast Refresh] rebuilding @ http://localhost:3001/_next/static/chunks/node_modules_next_dist_1bjkg68unqmjx._.js:719
[ 1312559ms] [LOG] [Fast Refresh] done in 2ms @ http://localhost:3001/_next/static/chunks/node_modules_next_dist_1bjkg68unqmjx._.js:719
[ 1321572ms] [LOG] [Fast Refresh] rebuilding @ http://localhost:3001/_next/static/chunks/node_modules_next_dist_1bjkg68unqmjx._.js:719
[ 1321608ms] [LOG] [Fast Refresh] done in 3ms @ http://localhost:3001/_next/static/chunks/node_modules_next_dist_1bjkg68unqmjx._.js:719
[ 1329077ms] [LOG] [Fast Refresh] rebuilding @ http://localhost:3001/_next/static/chunks/node_modules_next_dist_1bjkg68unqmjx._.js:719
[ 1329131ms] [LOG] [Fast Refresh] done in 21ms @ http://localhost:3001/_next/static/chunks/node_modules_next_dist_1bjkg68unqmjx._.js:719
[ 1329328ms] [LOG] [Fast Refresh] rebuilding @ http://localhost:3001/_next/static/chunks/node_modules_next_dist_1bjkg68unqmjx._.js:719
[ 1329444ms] [LOG] [Fast Refresh] done in 217ms @ http://localhost:3001/_next/static/chunks/node_modules_next_dist_1bjkg68unqmjx._.js:719
[ 1332891ms] [LOG] [Fast Refresh] done in 3603ms @ http://localhost:3001/_next/static/chunks/node_modules_next_dist_1bjkg68unqmjx._.js:719
