[     174ms] [ERROR] Failed to load resource: the server responded with a status of 500 (Internal Server Error) @ http://localhost:3001/:0
[     287ms] [INFO] %cDownload the React DevTools for a better development experience: https://react.dev/link/react-devtools font-weight:bold @ http://localhost:3001/_next/static/chunks/node_modules_next_dist_1bjkg68unqmjx._.js:719
[     347ms] [LOG] [HMR] connected @ http://localhost:3001/_next/static/chunks/node_modules_next_dist_1bjkg68unqmjx._.js:719
[     355ms] [ERROR] %c%s%c Only plain objects can be passed to Client Components from Server Components. Classes or other objects with methods are not supported.%s background: #e6e6e6;background: light-dark(rgba(0,0,0,0.1), rgba(255,255,255,0.25));color: #000000;color: light-dark(#000000, #ffffff);border-radius: 2px  Prerender   
  {title: ..., href: "/", icon: {$$typeof: ..., render: ...}}
                                ^^^^^^^^^^^^^^^^^^^^^^^^^^^^ @ http://localhost:3001/_next/static/chunks/node_modules_next_dist_1bjkg68unqmjx._.js:995
[     355ms] [ERROR] %c%s%c Only plain objects can be passed to Client Components from Server Components. Classes or other objects with methods are not supported.%s background: #e6e6e6;background: light-dark(rgba(0,0,0,0.1), rgba(255,255,255,0.25));color: #000000;color: light-dark(#000000, #ffffff);border-radius: 2px  Prerender   
  {title: "Jobs", href: "/jobs", icon: {$$typeof: ..., render: ...}, badge: ...}
                                       ^^^^^^^^^^^^^^^^^^^^^^^^^^^^ @ http://localhost:3001/_next/static/chunks/node_modules_next_dist_1bjkg68unqmjx._.js:995
[     355ms] [ERROR] %c%s%c Only plain objects can be passed to Client Components from Server Components. Classes or other objects with methods are not supported.%s background: #e6e6e6;background: light-dark(rgba(0,0,0,0.1), rgba(255,255,255,0.25));color: #000000;color: light-dark(#000000, #ffffff);border-radius: 2px  Prerender   
  {title: ..., href: ..., icon: {$$typeof: ..., render: ...}}
                                ^^^^^^^^^^^^^^^^^^^^^^^^^^^^ @ http://localhost:3001/_next/static/chunks/node_modules_next_dist_1bjkg68unqmjx._.js:995
[     355ms] [ERROR] %c%s%c Only plain objects can be passed to Client Components from Server Components. Classes or other objects with methods are not supported.%s background: #e6e6e6;background: light-dark(rgba(0,0,0,0.1), rgba(255,255,255,0.25));color: #000000;color: light-dark(#000000, #ffffff);border-radius: 2px  Prerender   
  {title: ..., href: ..., icon: {$$typeof: ..., render: ...}}
                                ^^^^^^^^^^^^^^^^^^^^^^^^^^^^ @ http://localhost:3001/_next/static/chunks/node_modules_next_dist_1bjkg68unqmjx._.js:995
[     355ms] [ERROR] %c%s%c Only plain objects can be passed to Client Components from Server Components. Classes or other objects with methods are not supported.%s background: #e6e6e6;background: light-dark(rgba(0,0,0,0.1), rgba(255,255,255,0.25));color: #000000;color: light-dark(#000000, #ffffff);border-radius: 2px  Prerender   
  {title: ..., href: ..., icon: {$$typeof: ..., render: ...}, items: ...}
                                ^^^^^^^^^^^^^^^^^^^^^^^^^^^^ @ http://localhost:3001/_next/static/chunks/node_modules_next_dist_1bjkg68unqmjx._.js:995
[     356ms] [ERROR] %c%s%c Only plain objects can be passed to Client Components from Server Components. Classes or other objects with methods are not supported.%s background: #e6e6e6;background: light-dark(rgba(0,0,0,0.1), rgba(255,255,255,0.25));color: #000000;color: light-dark(#000000, #ffffff);border-radius: 2px  Prerender   
  {title: ..., href: "/help", icon: {$$typeof: ..., render: ...}}
                                    ^^^^^^^^^^^^^^^^^^^^^^^^^^^^ @ http://localhost:3001/_next/static/chunks/node_modules_next_dist_1bjkg68unqmjx._.js:995
[     357ms] [ERROR] %c%s%c Only plain objects can be passed to Client Components from Server Components. Classes or other objects with methods are not supported.%s background: #e6e6e6;background: light-dark(rgba(0,0,0,0.1), rgba(255,255,255,0.25));color: #000000;color: light-dark(#000000, #ffffff);border-radius: 2px  Prerender   
  {title: ..., href: ..., icon: {$$typeof: ..., render: ...}}
                                ^^^^^^^^^^^^^^^^^^^^^^^^^^^^ @ http://localhost:3001/_next/static/chunks/node_modules_next_dist_1bjkg68unqmjx._.js:995
[     399ms] Error: Functions cannot be passed directly to Client Components unless you explicitly expose it by marking it with "use server". Or maybe you meant to call this function rather than return it.
  {$$typeof: ..., render: function FileText}
                          ^^^^^^^^^^^^^^^^^
    at resolveErrorDev (http://localhost:3001/_next/static/chunks/node_modules_next_dist_compiled_react-server-dom-turbopack_164kp-67asdr9._.js:2021:105)
    at processFullStringRow (http://localhost:3001/_next/static/chunks/node_modules_next_dist_compiled_react-server-dom-turbopack_164kp-67asdr9._.js:2540:29)
    at processFullBinaryRow (http://localhost:3001/_next/static/chunks/node_modules_next_dist_compiled_react-server-dom-turbopack_164kp-67asdr9._.js:2499:9)
    at processBinaryChunk (http://localhost:3001/_next/static/chunks/node_modules_next_dist_compiled_react-server-dom-turbopack_164kp-67asdr9._.js:2606:221)
    at progress (http://localhost:3001/_next/static/chunks/node_modules_next_dist_compiled_react-server-dom-turbopack_164kp-67asdr9._.js:2793:13)
[   18260ms] [LOG] [Fast Refresh] rebuilding @ http://localhost:3001/_next/static/chunks/node_modules_next_dist_1bjkg68unqmjx._.js:719
[   18427ms] [LOG] [Fast Refresh] done in 267ms @ http://localhost:3001/_next/static/chunks/node_modules_next_dist_1bjkg68unqmjx._.js:719
[   18550ms] [LOG] [Fast Refresh] done in 267ms @ http://localhost:3001/_next/static/chunks/node_modules_next_dist_1bjkg68unqmjx._.js:719
[   18696ms] [LOG] [Fast Refresh] done in 267ms @ http://localhost:3001/_next/static/chunks/node_modules_next_dist_1bjkg68unqmjx._.js:719
[   18729ms] [ERROR] Failed to load resource: the server responded with a status of 500 (Internal Server Error) @ http://localhost:3001/:0
[   18841ms] [INFO] %cDownload the React DevTools for a better development experience: https://react.dev/link/react-devtools font-weight:bold @ http://localhost:3001/_next/static/chunks/node_modules_next_dist_1bjkg68unqmjx._.js:719
[   18856ms] [LOG] [HMR] connected @ http://localhost:3001/_next/static/chunks/node_modules_next_dist_1bjkg68unqmjx._.js:719
[   18960ms] Error: `Tooltip` must be used within `TooltipProvider`
    at useContext (http://localhost:3001/_next/static/chunks/node_modules_19rriak-f7v-r._.js:2796:19)
    at Tooltip (http://localhost:3001/_next/static/chunks/node_modules_19rriak-f7v-r._.js:5403:29)
    at Object.react_stack_bottom_frame (http://localhost:3001/_next/static/chunks/1daa_next_dist_compiled_react-dom_cjs_react-dom-client_development_0mp0cp_t-ezj9.js:15013:24)
    at renderWithHooks (http://localhost:3001/_next/static/chunks/1daa_next_dist_compiled_react-dom_cjs_react-dom-client_development_0mp0cp_t-ezj9.js:4451:24)
    at updateFunctionComponent (http://localhost:3001/_next/static/chunks/1daa_next_dist_compiled_react-dom_cjs_react-dom-client_development_0mp0cp_t-ezj9.js:5923:21)
    at beginWork (http://localhost:3001/_next/static/chunks/1daa_next_dist_compiled_react-dom_cjs_react-dom-client_development_0mp0cp_t-ezj9.js:6549:24)
    at runWithFiberInDEV (http://localhost:3001/_next/static/chunks/1daa_next_dist_compiled_react-dom_cjs_react-dom-client_development_0mp0cp_t-ezj9.js:777:74)
    at performUnitOfWork (http://localhost:3001/_next/static/chunks/1daa_next_dist_compiled_react-dom_cjs_react-dom-client_development_0mp0cp_t-ezj9.js:9440:97)
    at workLoopSync (http://localhost:3001/_next/static/chunks/1daa_next_dist_compiled_react-dom_cjs_react-dom-client_development_0mp0cp_t-ezj9.js:9334:40)
    at renderRootSync (http://localhost:3001/_next/static/chunks/1daa_next_dist_compiled_react-dom_cjs_react-dom-client_development_0mp0cp_t-ezj9.js:9318:13)
    at performWorkOnRoot (http://localhost:3001/_next/static/chunks/1daa_next_dist_compiled_react-dom_cjs_react-dom-client_development_0mp0cp_t-ezj9.js:8984:47)
    at performWorkOnRootViaSchedulerTask (http://localhost:3001/_next/static/chunks/1daa_next_dist_compiled_react-dom_cjs_react-dom-client_development_0mp0cp_t-ezj9.js:10140:9)
    at MessagePort.performWorkUntilDeadline (http://localhost:3001/_next/static/chunks/node_modules_next_dist_compiled_1amofcmz--cdp._.js:1864:64)
[   19455ms] [ERROR] Error: Route "/": Could not validate `instant` because the target segment was prevented from rendering, likely due to the following error.
    at resolveErrorDev (http://localhost:3001/_next/static/chunks/node_modules_next_dist_compiled_react-server-dom-turbopack_164kp-67asdr9._.js:2021:105)
    at getOutlinedModel (http://localhost:3001/_next/static/chunks/node_modules_next_dist_compiled_react-server-dom-turbopack_164kp-67asdr9._.js:1560:28)
    at parseModelString (http://localhost:3001/_next/static/chunks/node_modules_next_dist_compiled_react-server-dom-turbopack_164kp-67asdr9._.js:1680:50)
    at reviveModel (http://localhost:3001/_next/static/chunks/node_modules_next_dist_compiled_react-server-dom-turbopack_164kp-67asdr9._.js:2626:66)
    at reviveModel (http://localhost:3001/_next/static/chunks/node_modules_next_dist_compiled_react-server-dom-turbopack_164kp-67asdr9._.js:2629:61)
    at reviveModel (http://localhost:3001/_next/static/chunks/node_modules_next_dist_compiled_react-server-dom-turbopack_164kp-67asdr9._.js:2708:112)
    at parseModel (http://localhost:3001/_next/static/chunks/node_modules_next_dist_compiled_react-server-dom-turbopack_164kp-67asdr9._.js:2621:16)
    at initializeModelChunk (http://localhost:3001/_next/static/chunks/node_modules_next_dist_compiled_react-server-dom-turbopack_164kp-67asdr9._.js:1137:25)
    at resolveModelChunk (http://localhost:3001/_next/static/chunks/node_modules_next_dist_compiled_react-server-dom-turbopack_164kp-67asdr9._.js:1035:43)
    at processFullStringRow (http://localhost:3001/_next/static/chunks/node_modules_next_dist_compiled_react-server-dom-turbopack_164kp-67asdr9._.js:2577:371)
    at processFullBinaryRow (http://localhost:3001/_next/static/chunks/node_modules_next_dist_compiled_react-server-dom-turbopack_164kp-67asdr9._.js:2499:9)
    at processBinaryChunk (http://localhost:3001/_next/static/chunks/node_modules_next_dist_compiled_react-server-dom-turbopack_164kp-67asdr9._.js:2606:221)
    at progress (http://localhost:3001/_next/static/chunks/node_modules_next_dist_compiled_react-server-dom-turbopack_164kp-67asdr9._.js:2793:13) @ http://localhost:3001/_next/static/chunks/node_modules_next_dist_1bjkg68unqmjx._.js:995
[   19455ms] [ERROR] Error: An error occurred while attempting to validate instant UI. This error may be preventing the validation from completing.
    at Tooltip (about://React/Server/file:///Users/Programming/jobpilot/jobpilot-frontend/.next/dev/server/chunks/ssr/%255Broot-of-the-server%255D__1u03wvut-yuj1._.js?id=%255Bproject%255D/src/components/ui/tooltip.tsx+%255Bapp-ssr%255D+(ecmascript)?9:38:263)
    at SidebarMenuButton (about://React/Server/file:///Users/Programming/jobpilot/jobpilot-frontend/.next/dev/server/chunks/ssr/%255Broot-of-the-server%255D__1u03wvut-yuj1._.js?id=%255Bproject%255D/src/components/ui/sidebar.tsx+%255Bapp-ssr%255D+(ecmascript)?10:535:263)
    at SidebarNavItem (about://React/Server/file:///Users/Programming/jobpilot/jobpilot-frontend/.next/dev/server/chunks/ssr/%255Broot-of-the-server%255D__14l0zpwcra9ka._.js?id=%255Bproject%255D/src/features/layout/sidebar/sidebar-nav-item.tsx+%255Bapp-ssr%255D+(ecmascript)?11:62:264)
    at eval (about://React/Server/file:///Users/Programming/jobpilot/jobpilot-frontend/.next/dev/server/chunks/ssr/%255Broot-of-the-server%255D__14lj7w9syjygo._.js?id=%255Bproject%255D/src/features/layout/sidebar/sidebar-nav-group.tsx+%255Bapp-ssr%255D+(ecmascript)?12:26:306)
    at Array.map (<anonymous>:1:18)
    at SidebarNavGroup (about://React/Server/file:///Users/Programming/jobpilot/jobpilot-frontend/.next/dev/server/chunks/ssr/%255Broot-of-the-server%255D__14lj7w9syjygo._.js?id=%255Bproject%255D/src/features/layout/sidebar/sidebar-nav-group.tsx+%255Bapp-ssr%255D+(ecmascript)?13:26:43)
    at eval (about://React/Server/file:///Users/Programming/jobpilot/jobpilot-frontend/.next/dev/server/chunks/ssr/%255Broot-of-the-server%255D__14lj7w9syjygo._.js?id=%255Bproject%255D/src/features/layout/sidebar/sidebar-nav.tsx+%255Bapp-ssr%255D+(ecmascript)?14:14:297)
    at Array.map (<anonymous>:1:18)
    at SidebarNav (about://React/Server/file:///Users/Programming/jobpilot/jobpilot-frontend/.next/dev/server/chunks/ssr/%255Broot-of-the-server%255D__14lj7w9syjygo._.js?id=%255Bproject%255D/src/features/layout/sidebar/sidebar-nav.tsx+%255Bapp-ssr%255D+(ecmascript)?15:14:26)
    at AppSidebar (about://React/Server/file:///Users/Programming/jobpilot/jobpilot-frontend/.next/dev/server/chunks/ssr/%255Broot-of-the-server%255D__14lj7w9syjygo._.js?id=%255Bproject%255D/src/features/layout/sidebar/app-sidebar.tsx+%255Bapp-ssr%255D+(ecmascript)?16:47:272)
    at RootLayout (about://React/Server/file:///Users/Programming/jobpilot/jobpilot-frontend/.next/dev/server/chunks/ssr/%255Broot-of-the-server%255D__10i4psl5nzpij._.js?id=%255Bproject%255D/app/layout.tsx+%255Bapp-rsc%255D+(ecmascript)?17:38:272)
    at resolveErrorDev (http://localhost:3001/_next/static/chunks/node_modules_next_dist_compiled_react-server-dom-turbopack_164kp-67asdr9._.js:2021:105)
    at getOutlinedModel (http://localhost:3001/_next/static/chunks/node_modules_next_dist_compiled_react-server-dom-turbopack_164kp-67asdr9._.js:1560:28)
    at parseModelString (http://localhost:3001/_next/static/chunks/node_modules_next_dist_compiled_react-server-dom-turbopack_164kp-67asdr9._.js:1680:50)
    at reviveModel (http://localhost:3001/_next/static/chunks/node_modules_next_dist_compiled_react-server-dom-turbopack_164kp-67asdr9._.js:2626:66)
    at reviveModel (http://localhost:3001/_next/static/chunks/node_modules_next_dist_compiled_react-server-dom-turbopack_164kp-67asdr9._.js:2629:61)
    at reviveModel (http://localhost:3001/_next/static/chunks/node_modules_next_dist_compiled_react-server-dom-turbopack_164kp-67asdr9._.js:2708:112)
    at parseModel (http://localhost:3001/_next/static/chunks/node_modules_next_dist_compiled_react-server-dom-turbopack_164kp-67asdr9._.js:2621:16)
    at initializeModelChunk (http://localhost:3001/_next/static/chunks/node_modules_next_dist_compiled_react-server-dom-turbopack_164kp-67asdr9._.js:1137:25)
    at resolveModelChunk (http://localhost:3001/_next/static/chunks/node_modules_next_dist_compiled_react-server-dom-turbopack_164kp-67asdr9._.js:1035:43)
    at processFullStringRow (http://localhost:3001/_next/static/chunks/node_modules_next_dist_compiled_react-server-dom-turbopack_164kp-67asdr9._.js:2577:371)
    at processFullBinaryRow (http://localhost:3001/_next/static/chunks/node_modules_next_dist_compiled_react-server-dom-turbopack_164kp-67asdr9._.js:2499:9)
    at processBinaryChunk (http://localhost:3001/_next/static/chunks/node_modules_next_dist_compiled_react-server-dom-turbopack_164kp-67asdr9._.js:2606:221)
    at progress (http://localhost:3001/_next/static/chunks/node_modules_next_dist_compiled_react-server-dom-turbopack_164kp-67asdr9._.js:2793:13) @ http://localhost:3001/_next/static/chunks/node_modules_next_dist_1bjkg68unqmjx._.js:995
